[2026-09-12 21:07:51] Backing up category: 70/administration
[2026-09-12 21:07:54] Category page 2: no topics; stopping.
[2026-09-12 21:07:54] Collected 47 unique topics from category 70/administration.
[2026-09-12 21:07:54] [1/47] Fetching topic 5002
[2026-09-12 21:07:55] [2/47] Fetching topic 28674
[2026-09-12 21:07:56] Topic 28674: missing 18 posts; fetching in batches...
[2026-09-12 21:07:57] Topic 28674: downloading 64 uploads
[2026-09-12 21:08:57] [3/47] Fetching topic 28511
[2026-09-12 21:08:58] [4/47] Fetching topic 29109
[2026-09-12 21:08:59] Topic 29109: downloading 13 uploads
[2026-09-12 21:09:06] Upload failed 404: requested=https://forums.greaterthangames.com/uploads/default/optimized/2X/2/2c2505e1348a2fb13203fb9780ee65ddbc2f83fc_2_690x387.png, final=https://forums.greaterthangames.com/uploads/default/optimized/2X/2/2c2505e1348a2fb13203fb9780ee65ddbc2f83fc_2_690x387.png,
[2026-09-12 21:09:06] Response headers: {'Server': 'nginx', 'Date': 'Sat, 12 Sep 2026 21:09:06 GMT', 'Content-Type': 'text/html', 'Content-Length': '548', 'Connection': 'keep-alive'}
[2026-09-12 21:09:11] Upload failed 404: requested=https://forums.greaterthangames.com/uploads/default/optimized/2X/3/3458432ea6ee8e8716e236a06d8a581de53f4c8c_2_690x341.jpeg, final=https://forums.greaterthangames.com/uploads/default/optimized/2X/3/3458432ea6ee8e8716e236a06d8a581de53f4c8c_2_690x341.jpeg,
[2026-09-12 21:09:11] Response headers: {'Server': 'nginx', 'Date': 'Sat, 12 Sep 2026 21:09:11 GMT', 'Content-Type': 'text/html', 'Content-Length': '548', 'Connection': 'keep-alive'}
[2026-09-12 21:09:13] [5/47] Fetching topic 28704
[2026-09-12 21:09:14] [6/47] Fetching topic 28423
[2026-09-12 21:09:15] [7/47] Fetching topic 16864
[2026-09-12 21:09:16] [8/47] Fetching topic 16218
[2026-09-12 21:09:17] [9/47] Fetching topic 16077
[2026-09-12 21:09:18] [10/47] Fetching topic 16070
[2026-09-12 21:09:19] [11/47] Fetching topic 14857
[2026-09-12 21:09:20] [12/47] Fetching topic 14822
[2026-09-12 21:09:21] [13/47] Fetching topic 14252
[2026-09-12 21:09:22] [14/47] Fetching topic 14130
[2026-09-12 21:09:23] [15/47] Fetching topic 12179
[2026-09-12 21:09:24] [16/47] Fetching topic 11775
[2026-09-12 21:09:26] [17/47] Fetching topic 11734
[2026-09-12 21:09:27] [18/47] Fetching topic 11524
[2026-09-12 21:09:28] [19/47] Fetching topic 11399
[2026-09-12 21:09:29] [20/47] Fetching topic 11269
[2026-09-12 21:09:30] [21/47] Fetching topic 10857
[2026-09-12 21:09:31] [22/47] Fetching topic 10124
[2026-09-12 21:09:32] [23/47] Fetching topic 9599
[2026-09-12 21:09:33] [24/47] Fetching topic 9962
[2026-09-12 21:09:34] [25/47] Fetching topic 9406
[2026-09-12 21:09:35] [26/47] Fetching topic 8956
[2026-09-12 21:09:36] [27/47] Fetching topic 8804
[2026-09-12 21:09:37] [28/47] Fetching topic 8803
[2026-09-12 21:09:38] [29/47] Fetching topic 6068
[2026-09-12 21:09:39] [30/47] Fetching topic 5344
[2026-09-12 21:09:40] [31/47] Fetching topic 8324
[2026-09-12 21:09:41] [32/47] Fetching topic 5179
[2026-09-12 21:09:43] [33/47] Fetching topic 7808
[2026-09-12 21:09:44] [34/47] Fetching topic 7001
[2026-09-12 21:09:45] [35/47] Fetching topic 6145
[2026-09-12 21:09:46] [36/47] Fetching topic 5424
[2026-09-12 21:09:47] [37/47] Fetching topic 5258
[2026-09-12 21:09:48] [38/47] Fetching topic 5175
[2026-09-12 21:09:49] [39/47] Fetching topic 5137
[2026-09-12 21:09:50] [40/47] Fetching topic 5131
[2026-09-12 21:09:51] [41/47] Fetching topic 5129
[2026-09-12 21:09:52] [42/47] Fetching topic 5127
[2026-09-12 21:09:53] [43/47] Fetching topic 5093
[2026-09-12 21:09:54] [44/47] Fetching topic 5075
[2026-09-12 21:09:55] [45/47] Fetching topic 5073
[2026-09-12 21:09:56] [46/47] Fetching topic 5050
[2026-09-12 21:09:57] [47/47] Fetching topic 5010
[2026-09-12 21:09:58] Category backup completed.
[2026-09-14 04:17:37] [update] Rescanning category 70/administration for changes
[2026-09-14 04:17:40] Category page 2: no topics; stopping.
[2026-09-14 04:17:40] [update] Live listing has 47 topics for 70/administration
[2026-09-14 04:17:40] [update] administration: 0 new, 0 changed, 0 no longer listed live
