[2026-09-12 20:54:25] Backing up category: 47/old-rules-gameplay-boards
[2026-09-12 20:54:36] Category page 10: no topics; stopping.
[2026-09-12 20:54:36] Collected 289 unique topics from category 47/old-rules-gameplay-boards.
[2026-09-12 20:54:36] [1/289] Fetching topic 4966
[2026-09-12 20:54:37] [2/289] Fetching topic 16651
[2026-09-12 20:54:38] Topic 16651: downloading 2 uploads
[2026-09-12 20:54:39] Upload failed 404: requested=https://forums.greaterthangames.com/uploads/2012/10/VivaJavaGeekspansionRulesv1.1.pdf final=https://forums.greaterthangames.com/uploads/2012/10/VivaJavaGeekspansionRulesv1.1.pdf
[2026-09-12 20:54:39] Response headers: {'Server': 'nginx', 'Date': 'Sat, 12 Sep 2026 20:54:39 GMT', 'Content-Type': 'text/html; charset=utf-8', 'Transfer-Encoding': 'chunked', 'Connection': 'keep-alive', 'Vary': 'Accept-Encoding', 'Content-Security-Policy': "upgrade-insecure-requests; base-uri 'self'; object-src 'none'; script-src 'nonce-6TstRlay7jDBcndDon1p0BV8f' 'strict-dynamic'; frame-ancestors 'self'; manifest-src 'self'", 'X-Request-Id': 'd5ca85d2-d45e-4036-958a-6cefeab08a7c', 'X-Runtime': '0.016906', 'Content-Encoding': 'gzip'}
[2026-09-12 20:54:40] Upload failed 404: requested=https://forums.greaterthangames.com/uploads/2012/10/VivaJavaGeekspansionRulesv1.1.pdf</a final=https://forums.greaterthangames.com/uploads/2012/10/VivaJavaGeekspansionRulesv1.1.pdf%3C/a
[2026-09-12 20:54:40] Response headers: {'Server': 'nginx', 'Date': 'Sat, 12 Sep 2026 20:54:40 GMT', 'Content-Type': 'text/html; charset=utf-8', 'Transfer-Encoding': 'chunked', 'Connection': 'keep-alive', 'Vary': 'Accept-Encoding', 'Content-Security-Policy': "upgrade-insecure-requests; base-uri 'self'; object-src 'none'; script-src 'nonce-5eSSez0zSmbacePcUMfH9YRu6' 'strict-dynamic'; frame-ancestors 'self'; manifest-src 'self'", 'X-Request-Id': '722e89c1-6e86-471c-9f59-1b0fb993f408', 'X-Runtime': '0.020222', 'Content-Encoding': 'gzip'}
[2026-09-12 20:54:40] [3/289] Fetching topic 16318
[2026-09-12 20:54:42] [4/289] Fetching topic 16289
[2026-09-12 20:54:43] [5/289] Fetching topic 15856
[2026-09-12 20:54:44] [6/289] Fetching topic 14050
[2026-09-12 20:54:45] [7/289] Fetching topic 15237
[2026-09-12 20:54:46] [8/289] Fetching topic 15011
[2026-09-12 20:54:47] [9/289] Fetching topic 14960
[2026-09-12 20:54:48] [10/289] Fetching topic 11773
[2026-09-12 20:54:49] [11/289] Fetching topic 14415
[2026-09-12 20:54:50] [12/289] Fetching topic 13378
[2026-09-12 20:54:51] Topic 13378: missing 3 posts; fetching in batches...
[2026-09-12 20:54:52] [13/289] Fetching topic 13919
[2026-09-12 20:54:53] [14/289] Fetching topic 14143
[2026-09-12 20:54:54] [15/289] Fetching topic 13892
[2026-09-12 20:54:55] [16/289] Fetching topic 14025
[2026-09-12 20:54:56] [17/289] Fetching topic 14002
[2026-09-12 20:54:58] [18/289] Fetching topic 13932
[2026-09-12 20:54:59] [19/289] Fetching topic 13850
[2026-09-12 20:55:00] [20/289] Fetching topic 11263
[2026-09-12 20:55:01] [21/289] Fetching topic 13730
[2026-09-12 20:55:02] [22/289] Fetching topic 13516
[2026-09-12 20:55:03] [23/289] Fetching topic 13523
[2026-09-12 20:55:04] [24/289] Fetching topic 13511
[2026-09-12 20:55:05] [25/289] Fetching topic 13488
[2026-09-12 20:55:06] Topic 13488: downloading 1 uploads
[2026-09-12 20:55:07] [26/289] Fetching topic 10973
[2026-09-12 20:55:08] Topic 10973: missing 97 posts; fetching in batches...
[2026-09-12 20:55:10] Topic 10973: downloading 20 uploads
[2026-09-12 20:55:14] Upload failed 404: requested=https://forums.greaterthangames.com/uploads/default/optimized/2X/3/3abb500835171b8343fb13a8619ab203d20f2a85_2_624x499.jpeg, final=https://forums.greaterthangames.com/uploads/default/optimized/2X/3/3abb500835171b8343fb13a8619ab203d20f2a85_2_624x499.jpeg,
[2026-09-12 20:55:14] Response headers: {'Server': 'nginx', 'Date': 'Sat, 12 Sep 2026 20:55:14 GMT', 'Content-Type': 'text/html', 'Content-Length': '548', 'Connection': 'keep-alive'}
[2026-09-12 20:55:18] Upload failed 404: requested=https://forums.greaterthangames.com/uploads/default/optimized/2X/c/ceadf3d003d05f9ef1e0619f673b03bc811962f6_2_500x500.jpeg, final=https://forums.greaterthangames.com/uploads/default/optimized/2X/c/ceadf3d003d05f9ef1e0619f673b03bc811962f6_2_500x500.jpeg,
[2026-09-12 20:55:18] Response headers: {'Server': 'nginx', 'Date': 'Sat, 12 Sep 2026 20:55:18 GMT', 'Content-Type': 'text/html', 'Content-Length': '548', 'Connection': 'keep-alive'}
[2026-09-12 20:55:31] [27/289] Fetching topic 11251
[2026-09-12 20:55:32] Topic 11251: missing 29 posts; fetching in batches...
[2026-09-12 20:55:33] [28/289] Fetching topic 13371
[2026-09-12 20:55:34] [29/289] Fetching topic 13367
[2026-09-12 20:55:35] [30/289] Fetching topic 13360
[2026-09-12 20:55:36] [31/289] Fetching topic 13240
[2026-09-12 20:55:37] Topic 13240: downloading 7 uploads
[2026-09-12 20:55:41] Upload failed 404: requested=https://forums.greaterthangames.com/uploads/default/optimized/2X/c/cc20444fd28872197ca1e066042894e76246ce38_2_391x500.jpeg, final=https://forums.greaterthangames.com/uploads/default/optimized/2X/c/cc20444fd28872197ca1e066042894e76246ce38_2_391x500.jpeg,
[2026-09-12 20:55:41] Response headers: {'Server': 'nginx', 'Date': 'Sat, 12 Sep 2026 20:55:41 GMT', 'Content-Type': 'text/html', 'Content-Length': '548', 'Connection': 'keep-alive'}
[2026-09-12 20:55:45] [32/289] Fetching topic 13161
[2026-09-12 20:55:45] Topic 13161: missing 1 posts; fetching in batches...
[2026-09-12 20:55:46] [33/289] Fetching topic 13100
[2026-09-12 20:55:47] [34/289] Fetching topic 13045
[2026-09-12 20:55:49] [35/289] Fetching topic 13053
[2026-09-12 20:55:50] [36/289] Fetching topic 10962
[2026-09-12 20:55:51] [37/289] Fetching topic 12961
[2026-09-12 20:55:52] [38/289] Fetching topic 12940
[2026-09-12 20:55:53] [39/289] Fetching topic 12829
[2026-09-12 20:55:54] Topic 12829: missing 8 posts; fetching in batches...
[2026-09-12 20:55:55] [40/289] Fetching topic 12856
[2026-09-12 20:55:56] [41/289] Fetching topic 12840
[2026-09-12 20:55:57] [42/289] Fetching topic 11772
[2026-09-12 20:55:58] [43/289] Fetching topic 12716
[2026-09-12 20:55:59] [44/289] Fetching topic 11173
[2026-09-12 20:56:00] Topic 11173: missing 13 posts; fetching in batches...
[2026-09-12 20:56:01] [45/289] Fetching topic 12713
[2026-09-12 20:56:02] [46/289] Fetching topic 12708
[2026-09-12 20:56:03] [47/289] Fetching topic 12630
[2026-09-12 20:56:05] Topic 12630: missing 9 posts; fetching in batches...
[2026-09-12 20:56:06] [48/289] Fetching topic 12705
[2026-09-12 20:56:07] [49/289] Fetching topic 12704
[2026-09-12 20:56:08] [50/289] Fetching topic 12707
[2026-09-12 20:56:09] [51/289] Fetching topic 12655
[2026-09-12 20:56:10] [52/289] Fetching topic 12651
[2026-09-12 20:56:11] [53/289] Fetching topic 12638
[2026-09-12 20:56:12] [54/289] Fetching topic 12622
[2026-09-12 20:56:13] [55/289] Fetching topic 12621
[2026-09-12 20:56:14] [56/289] Fetching topic 12624
[2026-09-12 20:56:15] [57/289] Fetching topic 12565
[2026-09-12 20:56:16] [58/289] Fetching topic 12601
[2026-09-12 20:56:17] [59/289] Fetching topic 12556
[2026-09-12 20:56:18] [60/289] Fetching topic 12585
[2026-09-12 20:56:19] [61/289] Fetching topic 12573
[2026-09-12 20:56:20] [62/289] Fetching topic 12575
[2026-09-12 20:56:22] [63/289] Fetching topic 12363
[2026-09-12 20:56:23] [64/289] Fetching topic 12551
[2026-09-12 20:56:24] [65/289] Fetching topic 12542
[2026-09-12 20:56:25] [66/289] Fetching topic 12546
[2026-09-12 20:56:26] [67/289] Fetching topic 12331
[2026-09-12 20:56:27] [68/289] Fetching topic 12438
[2026-09-12 20:56:28] [69/289] Fetching topic 12508
[2026-09-12 20:56:29] [70/289] Fetching topic 10993
[2026-09-12 20:56:30] Topic 10993: missing 36 posts; fetching in batches...
[2026-09-12 20:56:31] Topic 10993: downloading 2 uploads
[2026-09-12 20:56:33] [71/289] Fetching topic 12470
[2026-09-12 20:56:34] [72/289] Fetching topic 11015
[2026-09-12 20:56:35] [73/289] Fetching topic 11778
[2026-09-12 20:56:36] [74/289] Fetching topic 12417
[2026-09-12 20:56:37] [75/289] Fetching topic 12397
[2026-09-12 20:56:38] [76/289] Fetching topic 12402
[2026-09-12 20:56:40] [77/289] Fetching topic 12264
[2026-09-12 20:56:41] [78/289] Fetching topic 12123
[2026-09-12 20:56:42] [79/289] Fetching topic 12361
[2026-09-12 20:56:43] [80/289] Fetching topic 12134
[2026-09-12 20:56:44] [81/289] Fetching topic 12312
[2026-09-12 20:56:45] [82/289] Fetching topic 12258
[2026-09-12 20:56:46] [83/289] Fetching topic 12207
[2026-09-12 20:56:47] [84/289] Fetching topic 12114
[2026-09-12 20:56:48] Topic 12114: missing 7 posts; fetching in batches...
[2026-09-12 20:56:49] Topic 12114: downloading 1 uploads
[2026-09-12 20:56:50] [85/289] Fetching topic 12146
[2026-09-12 20:56:51] [86/289] Fetching topic 12139
[2026-09-12 20:56:52] [87/289] Fetching topic 12143
[2026-09-12 20:56:53] [88/289] Fetching topic 12129
[2026-09-12 20:56:54] [89/289] Fetching topic 12115
[2026-09-12 20:56:55] [90/289] Fetching topic 12097
[2026-09-12 20:56:56] [91/289] Fetching topic 11900
[2026-09-12 20:56:57] [92/289] Fetching topic 11896
[2026-09-12 20:56:59] [93/289] Fetching topic 11899
[2026-09-12 20:57:00] [94/289] Fetching topic 11854
[2026-09-12 20:57:01] [95/289] Fetching topic 11783
[2026-09-12 20:57:02] [96/289] Fetching topic 11779
[2026-09-12 20:57:03] [97/289] Fetching topic 11756
[2026-09-12 20:57:04] Topic 11756: downloading 2 uploads
[2026-09-12 20:57:06] [98/289] Fetching topic 11761
[2026-09-12 20:57:07] [99/289] Fetching topic 11763
[2026-09-12 20:57:08] [100/289] Fetching topic 11760
[2026-09-12 20:57:09] [101/289] Fetching topic 11745
[2026-09-12 20:57:10] [102/289] Fetching topic 11732
[2026-09-12 20:57:11] [103/289] Fetching topic 11676
[2026-09-12 20:57:12] Topic 11676: missing 9 posts; fetching in batches...
[2026-09-12 20:57:13] [104/289] Fetching topic 11430
[2026-09-12 20:57:14] [105/289] Fetching topic 11729
[2026-09-12 20:57:15] [106/289] Fetching topic 11721
[2026-09-12 20:57:16] [107/289] Fetching topic 11679
[2026-09-12 20:57:17] [108/289] Fetching topic 11544
[2026-09-12 20:57:18] [109/289] Fetching topic 11198
[2026-09-12 20:57:20] [110/289] Fetching topic 11554
[2026-09-12 20:57:21] Topic 11554: downloading 1 uploads
[2026-09-12 20:57:22] [111/289] Fetching topic 10445
[2026-09-12 20:57:23] [112/289] Fetching topic 11206
[2026-09-12 20:57:24] [113/289] Fetching topic 11470
[2026-09-12 20:57:25] [114/289] Fetching topic 11481
[2026-09-12 20:57:26] [115/289] Fetching topic 11483
[2026-09-12 20:57:27] [116/289] Fetching topic 11478
[2026-09-12 20:57:28] [117/289] Fetching topic 11453
[2026-09-12 20:57:29] [118/289] Fetching topic 11450
[2026-09-12 20:57:30] [119/289] Fetching topic 11431
[2026-09-12 20:57:31] [120/289] Fetching topic 11403
[2026-09-12 20:57:32] [121/289] Fetching topic 11419
[2026-09-12 20:57:33] [122/289] Fetching topic 11364
[2026-09-12 20:57:34] [123/289] Fetching topic 11406
[2026-09-12 20:57:35] [124/289] Fetching topic 11057
[2026-09-12 20:57:37] [125/289] Fetching topic 11393
[2026-09-12 20:57:38] [126/289] Fetching topic 11307
[2026-09-12 20:57:39] [127/289] Fetching topic 11286
[2026-09-12 20:57:40] [128/289] Fetching topic 11256
[2026-09-12 20:57:41] Topic 11256: missing 1 posts; fetching in batches...
[2026-09-12 20:57:42] [129/289] Fetching topic 11250
[2026-09-12 20:57:43] [130/289] Fetching topic 11188
[2026-09-12 20:57:44] [131/289] Fetching topic 11271
[2026-09-12 20:57:45] [132/289] Fetching topic 11022
[2026-09-12 20:57:46] Topic 11022: missing 1 posts; fetching in batches...
[2026-09-12 20:57:47] [133/289] Fetching topic 11071
[2026-09-12 20:57:48] [134/289] Fetching topic 11254
[2026-09-12 20:57:49] [135/289] Fetching topic 11114
[2026-09-12 20:57:50] [136/289] Fetching topic 10461
[2026-09-12 20:57:51] [137/289] Fetching topic 11244
[2026-09-12 20:57:52] [138/289] Fetching topic 11204
[2026-09-12 20:57:53] [139/289] Fetching topic 11221
[2026-09-12 20:57:54] Topic 11221: missing 4 posts; fetching in batches...
[2026-09-12 20:57:55] [140/289] Fetching topic 11228
[2026-09-12 20:57:57] [141/289] Fetching topic 11202
[2026-09-12 20:57:58] [142/289] Fetching topic 10985
[2026-09-12 20:57:59] Topic 10985: downloading 1 uploads
[2026-09-12 20:58:00] [143/289] Fetching topic 11196
[2026-09-12 20:58:01] [144/289] Fetching topic 11210
[2026-09-12 20:58:02] [145/289] Fetching topic 11201
[2026-09-12 20:58:03] [146/289] Fetching topic 11121
[2026-09-12 20:58:04] [147/289] Fetching topic 11187
[2026-09-12 20:58:05] [148/289] Fetching topic 11200
[2026-09-12 20:58:06] [149/289] Fetching topic 11199
[2026-09-12 20:58:07] [150/289] Fetching topic 11186
[2026-09-12 20:58:08] [151/289] Fetching topic 11191
[2026-09-12 20:58:09] [152/289] Fetching topic 11028
[2026-09-12 20:58:10] [153/289] Fetching topic 11170
[2026-09-12 20:58:11] [154/289] Fetching topic 11132
[2026-09-12 20:58:12] [155/289] Fetching topic 11166
[2026-09-12 20:58:14] [156/289] Fetching topic 11086
[2026-09-12 20:58:15] [157/289] Fetching topic 10899
[2026-09-12 20:58:16] Topic 10899: missing 22 posts; fetching in batches...
[2026-09-12 20:58:17] [158/289] Fetching topic 11153
[2026-09-12 20:58:18] [159/289] Fetching topic 10966
[2026-09-12 20:58:19] Topic 10966: missing 4 posts; fetching in batches...
[2026-09-12 20:58:20] [160/289] Fetching topic 11095
[2026-09-12 20:58:21] [161/289] Fetching topic 10946
[2026-09-12 20:58:22] [162/289] Fetching topic 11146
[2026-09-12 20:58:23] [163/289] Fetching topic 11142
[2026-09-12 20:58:24] [164/289] Fetching topic 11140
[2026-09-12 20:58:25] [165/289] Fetching topic 11130
[2026-09-12 20:58:26] [166/289] Fetching topic 10921
[2026-09-12 20:58:27] Topic 10921: missing 4 posts; fetching in batches...
[2026-09-12 20:58:28] [167/289] Fetching topic 11007
[2026-09-12 20:58:29] [168/289] Fetching topic 11001
[2026-09-12 20:58:30] [169/289] Fetching topic 11055
[2026-09-12 20:58:31] [170/289] Fetching topic 11113
[2026-09-12 20:58:32] [171/289] Fetching topic 11111
[2026-09-12 20:58:34] [172/289] Fetching topic 11124
[2026-09-12 20:58:35] [173/289] Fetching topic 11117
[2026-09-12 20:58:36] [174/289] Fetching topic 11120
[2026-09-12 20:58:37] [175/289] Fetching topic 11118
[2026-09-12 20:58:38] [176/289] Fetching topic 11108
[2026-09-12 20:58:39] [177/289] Fetching topic 11107
[2026-09-12 20:58:40] [178/289] Fetching topic 11091
[2026-09-12 20:58:41] [179/289] Fetching topic 11088
[2026-09-12 20:58:42] [180/289] Fetching topic 11092
[2026-09-12 20:58:43] [181/289] Fetching topic 11093
[2026-09-12 20:58:44] [182/289] Fetching topic 11065
[2026-09-12 20:58:45] [183/289] Fetching topic 11089
[2026-09-12 20:58:46] [184/289] Fetching topic 11080
[2026-09-12 20:58:47] [185/289] Fetching topic 10942
[2026-09-12 20:58:48] Topic 10942: missing 17 posts; fetching in batches...
[2026-09-12 20:58:49] [186/289] Fetching topic 10990
[2026-09-12 20:58:51] [187/289] Fetching topic 11045
[2026-09-12 20:58:52] [188/289] Fetching topic 11076
[2026-09-12 20:58:53] [189/289] Fetching topic 11043
[2026-09-12 20:58:54] [190/289] Fetching topic 11059
[2026-09-12 20:58:55] [191/289] Fetching topic 11049
[2026-09-12 20:58:56] [192/289] Fetching topic 11058
[2026-09-12 20:58:57] [193/289] Fetching topic 11046
[2026-09-12 20:58:58] [194/289] Fetching topic 10982
[2026-09-12 20:58:59] [195/289] Fetching topic 11048
[2026-09-12 20:59:00] [196/289] Fetching topic 11030
[2026-09-12 20:59:01] [197/289] Fetching topic 11019
[2026-09-12 20:59:02] [198/289] Fetching topic 11035
[2026-09-12 20:59:03] [199/289] Fetching topic 10977
[2026-09-12 20:59:04] [200/289] Fetching topic 11032
[2026-09-12 20:59:05] [201/289] Fetching topic 10955
[2026-09-12 20:59:07] [202/289] Fetching topic 11033
[2026-09-12 20:59:08] [203/289] Fetching topic 11020
[2026-09-12 20:59:09] [204/289] Fetching topic 11009
[2026-09-12 20:59:10] [205/289] Fetching topic 10997
[2026-09-12 20:59:11] [206/289] Fetching topic 11017
[2026-09-12 20:59:12] [207/289] Fetching topic 10976
[2026-09-12 20:59:13] [208/289] Fetching topic 10927
[2026-09-12 20:59:14] [209/289] Fetching topic 10978
[2026-09-12 20:59:15] Topic 10978: missing 31 posts; fetching in batches...
[2026-09-12 20:59:16] [210/289] Fetching topic 11004
[2026-09-12 20:59:17] [211/289] Fetching topic 10936
[2026-09-12 20:59:18] [212/289] Fetching topic 10917
[2026-09-12 20:59:19] Topic 10917: missing 2 posts; fetching in batches...
[2026-09-12 20:59:20] [213/289] Fetching topic 10994
[2026-09-12 20:59:21] [214/289] Fetching topic 10939
[2026-09-12 20:59:22] [215/289] Fetching topic 10992
[2026-09-12 20:59:24] [216/289] Fetching topic 10989
[2026-09-12 20:59:25] [217/289] Fetching topic 10987
[2026-09-12 20:59:26] [218/289] Fetching topic 10960
[2026-09-12 20:59:27] [219/289] Fetching topic 10974
[2026-09-12 20:59:28] [220/289] Fetching topic 10931
[2026-09-12 20:59:29] [221/289] Fetching topic 10968
[2026-09-12 20:59:30] [222/289] Fetching topic 10967
[2026-09-12 20:59:31] [223/289] Fetching topic 10959
[2026-09-12 20:59:32] [224/289] Fetching topic 10954
[2026-09-12 20:59:33] [225/289] Fetching topic 10952
[2026-09-12 20:59:34] [226/289] Fetching topic 10912
[2026-09-12 20:59:35] [227/289] Fetching topic 10948
[2026-09-12 20:59:36] [228/289] Fetching topic 10941
[2026-09-12 20:59:37] [229/289] Fetching topic 10937
[2026-09-12 20:59:38] [230/289] Fetching topic 10933
[2026-09-12 20:59:40] [231/289] Fetching topic 10919
[2026-09-12 20:59:41] [232/289] Fetching topic 10888
[2026-09-12 20:59:42] [233/289] Fetching topic 10488
[2026-09-12 20:59:43] Topic 10488: missing 3 posts; fetching in batches...
[2026-09-12 20:59:44] Topic 10488: downloading 55 uploads
[2026-09-12 20:59:45] Upload failed 404: requested=https://forums.greaterthangames.com/uploads/2010/06/stealth-bomber.jpg final=https://forums.greaterthangames.com/uploads/2010/06/stealth-bomber.jpg
[2026-09-12 20:59:45] Response headers: {'Server': 'nginx', 'Date': 'Sat, 12 Sep 2026 20:59:45 GMT', 'Content-Type': 'text/html', 'Content-Length': '548', 'Connection': 'keep-alive'}
[2026-09-12 20:59:57] Upload failed 404: requested=https://forums.greaterthangames.com/uploads/default/optimized/2X/0/08c0410c4cfbed47c9f36c451d246617e1342ecb_2_666x500.jpeg, final=https://forums.greaterthangames.com/uploads/default/optimized/2X/0/08c0410c4cfbed47c9f36c451d246617e1342ecb_2_666x500.jpeg,
[2026-09-12 20:59:57] Response headers: {'Server': 'nginx', 'Date': 'Sat, 12 Sep 2026 20:59:57 GMT', 'Content-Type': 'text/html', 'Content-Length': '548', 'Connection': 'keep-alive'}
[2026-09-12 21:00:01] Upload failed 404: requested=https://forums.greaterthangames.com/uploads/default/optimized/2X/1/18c5fb49cc2df9c3413c313df302cca22764d4cd_2_666x500.jpeg, final=https://forums.greaterthangames.com/uploads/default/optimized/2X/1/18c5fb49cc2df9c3413c313df302cca22764d4cd_2_666x500.jpeg,
[2026-09-12 21:00:01] Response headers: {'Server': 'nginx', 'Date': 'Sat, 12 Sep 2026 21:00:01 GMT', 'Content-Type': 'text/html', 'Content-Length': '548', 'Connection': 'keep-alive'}
[2026-09-12 21:00:05] Upload failed 404: requested=https://forums.greaterthangames.com/uploads/default/optimized/2X/3/3966419839678c4fcab1aa23047ff49e72db4b33_2_666x500.jpeg, final=https://forums.greaterthangames.com/uploads/default/optimized/2X/3/3966419839678c4fcab1aa23047ff49e72db4b33_2_666x500.jpeg,
[2026-09-12 21:00:05] Response headers: {'Server': 'nginx', 'Date': 'Sat, 12 Sep 2026 21:00:05 GMT', 'Content-Type': 'text/html', 'Content-Length': '548', 'Connection': 'keep-alive'}
[2026-09-12 21:00:09] Upload failed 404: requested=https://forums.greaterthangames.com/uploads/default/optimized/2X/4/4bb3cd6968d107246b6b8433d3e99ca99629e8da_2_666x500.jpeg, final=https://forums.greaterthangames.com/uploads/default/optimized/2X/4/4bb3cd6968d107246b6b8433d3e99ca99629e8da_2_666x500.jpeg,
[2026-09-12 21:00:09] Response headers: {'Server': 'nginx', 'Date': 'Sat, 12 Sep 2026 21:00:09 GMT', 'Content-Type': 'text/html', 'Content-Length': '548', 'Connection': 'keep-alive'}
[2026-09-12 21:00:13] Upload failed 404: requested=https://forums.greaterthangames.com/uploads/default/optimized/2X/5/55d9db1add2583dd6763e53a744d67f9949dc888_2_666x500.jpeg, final=https://forums.greaterthangames.com/uploads/default/optimized/2X/5/55d9db1add2583dd6763e53a744d67f9949dc888_2_666x500.jpeg,
[2026-09-12 21:00:13] Response headers: {'Server': 'nginx', 'Date': 'Sat, 12 Sep 2026 21:00:13 GMT', 'Content-Type': 'text/html', 'Content-Length': '548', 'Connection': 'keep-alive'}
[2026-09-12 21:00:17] Upload failed 404: requested=https://forums.greaterthangames.com/uploads/default/optimized/2X/5/5a78dc704af099d263c06bc7ac69ab6f28bef14f_2_666x500.jpeg, final=https://forums.greaterthangames.com/uploads/default/optimized/2X/5/5a78dc704af099d263c06bc7ac69ab6f28bef14f_2_666x500.jpeg,
[2026-09-12 21:00:17] Response headers: {'Server': 'nginx', 'Date': 'Sat, 12 Sep 2026 21:00:17 GMT', 'Content-Type': 'text/html', 'Content-Length': '548', 'Connection': 'keep-alive'}
[2026-09-12 21:00:22] Upload failed 404: requested=https://forums.greaterthangames.com/uploads/default/optimized/2X/a/acecfba24bacc948adfccaf8573b1eda173c6b08_2_666x500.jpeg, final=https://forums.greaterthangames.com/uploads/default/optimized/2X/a/acecfba24bacc948adfccaf8573b1eda173c6b08_2_666x500.jpeg,
[2026-09-12 21:00:22] Response headers: {'Server': 'nginx', 'Date': 'Sat, 12 Sep 2026 21:00:22 GMT', 'Content-Type': 'text/html', 'Content-Length': '548', 'Connection': 'keep-alive'}
[2026-09-12 21:00:26] Upload failed 404: requested=https://forums.greaterthangames.com/uploads/default/optimized/2X/b/bb31be4476d707a3f4b2096aac5d5b9908b5e2c5_2_666x500.jpeg, final=https://forums.greaterthangames.com/uploads/default/optimized/2X/b/bb31be4476d707a3f4b2096aac5d5b9908b5e2c5_2_666x500.jpeg,
[2026-09-12 21:00:26] Response headers: {'Server': 'nginx', 'Date': 'Sat, 12 Sep 2026 21:00:26 GMT', 'Content-Type': 'text/html', 'Content-Length': '548', 'Connection': 'keep-alive'}
[2026-09-12 21:00:30] Upload failed 404: requested=https://forums.greaterthangames.com/uploads/default/optimized/2X/d/d28e4269875e67f4bde0bffce2dfeeb7ba094af5_2_666x500.jpeg, final=https://forums.greaterthangames.com/uploads/default/optimized/2X/d/d28e4269875e67f4bde0bffce2dfeeb7ba094af5_2_666x500.jpeg,
[2026-09-12 21:00:30] Response headers: {'Server': 'nginx', 'Date': 'Sat, 12 Sep 2026 21:00:30 GMT', 'Content-Type': 'text/html', 'Content-Length': '548', 'Connection': 'keep-alive'}
[2026-09-12 21:00:40] [234/289] Fetching topic 10483
[2026-09-12 21:00:41] [235/289] Fetching topic 10549
[2026-09-12 21:00:42] Topic 10549: downloading 1 uploads
[2026-09-12 21:00:43] [236/289] Fetching topic 10129
[2026-09-12 21:00:44] [237/289] Fetching topic 10497
[2026-09-12 21:00:45] Topic 10497: downloading 1 uploads
[2026-09-12 21:00:46] [238/289] Fetching topic 10496
[2026-09-12 21:00:47] [239/289] Fetching topic 10422
[2026-09-12 21:00:48] [240/289] Fetching topic 10473
[2026-09-12 21:00:49] [241/289] Fetching topic 10468
[2026-09-12 21:00:50] [242/289] Fetching topic 10443
[2026-09-12 21:00:51] Topic 10443: downloading 24 uploads
[2026-09-12 21:00:59] Upload failed 404: requested=https://forums.greaterthangames.com/uploads/default/optimized/2X/0/0e6536eeb18f204cd3f8b9ecb180f1ba6717cab8_2_669x499.jpeg, final=https://forums.greaterthangames.com/uploads/default/optimized/2X/0/0e6536eeb18f204cd3f8b9ecb180f1ba6717cab8_2_669x499.jpeg,
[2026-09-12 21:00:59] Response headers: {'Server': 'nginx', 'Date': 'Sat, 12 Sep 2026 21:00:59 GMT', 'Content-Type': 'text/html', 'Content-Length': '548', 'Connection': 'keep-alive'}
[2026-09-12 21:01:02] Upload failed 404: requested=https://forums.greaterthangames.com/uploads/default/optimized/2X/3/302c75541e8d3e1209093bff1941cf9f3e311425_2_373x499.jpeg, final=https://forums.greaterthangames.com/uploads/default/optimized/2X/3/302c75541e8d3e1209093bff1941cf9f3e311425_2_373x499.jpeg,
[2026-09-12 21:01:02] Response headers: {'Server': 'nginx', 'Date': 'Sat, 12 Sep 2026 21:01:02 GMT', 'Content-Type': 'text/html', 'Content-Length': '548', 'Connection': 'keep-alive'}
[2026-09-12 21:01:08] Upload failed 404: requested=https://forums.greaterthangames.com/uploads/default/optimized/2X/3/353acce995b3d56d0b106674036e4cf82111af57_2_669x499.jpeg, final=https://forums.greaterthangames.com/uploads/default/optimized/2X/3/353acce995b3d56d0b106674036e4cf82111af57_2_669x499.jpeg,
[2026-09-12 21:01:08] Response headers: {'Server': 'nginx', 'Date': 'Sat, 12 Sep 2026 21:01:08 GMT', 'Content-Type': 'text/html', 'Content-Length': '548', 'Connection': 'keep-alive'}
[2026-09-12 21:01:11] Upload failed 404: requested=https://forums.greaterthangames.com/uploads/default/optimized/2X/9/997e5ef4f27b62b75b0573f729d5701c4d3d8b8d_2_373x500.jpeg, final=https://forums.greaterthangames.com/uploads/default/optimized/2X/9/997e5ef4f27b62b75b0573f729d5701c4d3d8b8d_2_373x500.jpeg,
[2026-09-12 21:01:11] Response headers: {'Server': 'nginx', 'Date': 'Sat, 12 Sep 2026 21:01:11 GMT', 'Content-Type': 'text/html', 'Content-Length': '548', 'Connection': 'keep-alive'}
[2026-09-12 21:01:16] [243/289] Fetching topic 10314
[2026-09-12 21:01:17] [244/289] Fetching topic 10242
[2026-09-12 21:01:18] [245/289] Fetching topic 10236
[2026-09-12 21:01:19] [246/289] Fetching topic 8346
[2026-09-12 21:01:20] [247/289] Fetching topic 7923
[2026-09-12 21:01:21] Topic 7923: missing 17 posts; fetching in batches...
[2026-09-12 21:01:22] [248/289] Fetching topic 7907
[2026-09-12 21:01:23] [249/289] Fetching topic 7709
[2026-09-12 21:01:24] Topic 7709: missing 73 posts; fetching in batches...
[2026-09-12 21:01:26] [250/289] Fetching topic 7953
[2026-09-12 21:01:27] [251/289] Fetching topic 9472
[2026-09-12 21:01:29] [252/289] Fetching topic 9294
[2026-09-12 21:01:30] [253/289] Fetching topic 8801
[2026-09-12 21:01:31] [254/289] Fetching topic 7985
[2026-09-12 21:01:32] [255/289] Fetching topic 8159
[2026-09-12 21:01:33] [256/289] Fetching topic 7988
[2026-09-12 21:01:34] [257/289] Fetching topic 7970
[2026-09-12 21:01:35] Topic 7970: downloading 5 uploads
[2026-09-12 21:01:39] Upload failed 404: requested=https://forums.greaterthangames.com/uploads/default/optimized/2X/c/c3bbb0ffb49e424c3adc2f5f53433d5ea511a8c9_2_357x500.png, final=https://forums.greaterthangames.com/uploads/default/optimized/2X/c/c3bbb0ffb49e424c3adc2f5f53433d5ea511a8c9_2_357x500.png,
[2026-09-12 21:01:39] Response headers: {'Server': 'nginx', 'Date': 'Sat, 12 Sep 2026 21:01:39 GMT', 'Content-Type': 'text/html', 'Content-Length': '548', 'Connection': 'keep-alive'}
[2026-09-12 21:01:40] [258/289] Fetching topic 7968
[2026-09-12 21:01:41] [259/289] Fetching topic 7948
[2026-09-12 21:01:42] [260/289] Fetching topic 7874
[2026-09-12 21:01:43] Topic 7874: missing 9 posts; fetching in batches...
[2026-09-12 21:01:44] [261/289] Fetching topic 7868
[2026-09-12 21:01:45] Topic 7868: missing 10 posts; fetching in batches...
[2026-09-12 21:01:46] [262/289] Fetching topic 7832
[2026-09-12 21:01:48] [263/289] Fetching topic 7168
[2026-09-12 21:01:49] [264/289] Fetching topic 7795
[2026-09-12 21:01:50] [265/289] Fetching topic 7720
[2026-09-12 21:01:51] [266/289] Fetching topic 7392
[2026-09-12 21:01:52] [267/289] Fetching topic 6452
[2026-09-12 21:01:53] Topic 6452: missing 14 posts; fetching in batches...
[2026-09-12 21:01:54] [268/289] Fetching topic 6711
[2026-09-12 21:01:55] [269/289] Fetching topic 6382
[2026-09-12 21:01:56] [270/289] Fetching topic 6359
[2026-09-12 21:01:57] [271/289] Fetching topic 6385
[2026-09-12 21:01:58] [272/289] Fetching topic 6409
[2026-09-12 21:01:59] Topic 6409: downloading 2 uploads
[2026-09-12 21:02:01] [273/289] Fetching topic 6368
[2026-09-12 21:02:02] [274/289] Fetching topic 6364
[2026-09-12 21:02:03] Topic 6364: downloading 4 uploads
[2026-09-12 21:02:07] [275/289] Fetching topic 6370
[2026-09-12 21:02:08] Topic 6370: downloading 1 uploads
[2026-09-12 21:02:10] [276/289] Fetching topic 6384
[2026-09-12 21:02:11] Topic 6384: downloading 2 uploads
[2026-09-12 21:02:13] [277/289] Fetching topic 6377
[2026-09-12 21:02:14] [278/289] Fetching topic 6353
[2026-09-12 21:02:15] Topic 6353: downloading 1 uploads
[2026-09-12 21:02:16] [279/289] Fetching topic 6360
[2026-09-12 21:02:17] [280/289] Fetching topic 6365
[2026-09-12 21:02:18] [281/289] Fetching topic 6354
[2026-09-12 21:02:19] Topic 6354: downloading 2 uploads
[2026-09-12 21:02:21] [282/289] Fetching topic 6393
[2026-09-12 21:02:22] [283/289] Fetching topic 6381
[2026-09-12 21:02:23] [284/289] Fetching topic 6375
[2026-09-12 21:02:24] [285/289] Fetching topic 6388
[2026-09-12 21:02:25] [286/289] Fetching topic 6355
[2026-09-12 21:02:27] [287/289] Fetching topic 6366
[2026-09-12 21:02:28] Topic 6366: downloading 4 uploads
[2026-09-12 21:02:32] [288/289] Fetching topic 6352
[2026-09-12 21:02:33] Topic 6352: downloading 2 uploads
[2026-09-12 21:02:35] [289/289] Fetching topic 6339
[2026-09-12 21:02:36] Category backup completed.
[2026-09-12 21:07:14] Backing up category: 77/conventions
[2026-09-14 04:21:48] [update] Rescanning category 47/old-rules-gameplay-boards for changes
[2026-09-14 04:22:00] Category page 10: no topics; stopping.
[2026-09-14 04:22:00] [update] Live listing has 289 topics for 47/old-rules-gameplay-boards
[2026-09-14 04:22:00] [update] old-rules-gameplay-boards: 0 new, 0 changed, 0 no longer listed live
